test the addf32
3882104665
3882104665
test the subf32
3882104665
3882104665
test the mulf32
3395348150
3395348150
test the divf32
4286578688
4286578688
test the eqf32
false
False
test the lef32
true
True
test the ltf32
true
True
test the remf32
2716850168
570711056
test the roundToIntf32
3882104665
3882104665
test the sqrtf32
1399960976
1399960976
test the mulAddf32
3882104665
3882104665
test the addf64
8264552357076582722
8264552357076582722
test the subf64
8264552357076582722
8264552357076582722
test the mulf64
17622575866920114786
17622575866920114786
test the divf64
17353313551295111868
17353313551295111868
test the eqf64
false
False
test the lef64
false
False
test the ltf64
false
False
test the remf64
expDiff >= 1
here
4736581359187574668
13960720361899663558
test the roundToIntf64
8264552357076582722
8264552357076582722
test the sqrtf64
6435862100433654566
6435862100433654566
test the mulAddf64
17622575866910893499
17622575866910893500
test the addf32
1501376579
1501376579
test the subf32
1501376601
1501376601
test the mulf32
3912147967
3912147967
test the divf32
3384248412
3384248412
test the eqf32
false
False
test the lef32
false
False
test the ltf32
false
False
test the remf32
3466813448
3466813448
test the roundToIntf32
1501376590
1501376590
test the sqrtf32
1283364649
1283364649
test the mulAddf32
3912147967
3912147967
test the addf64
5658294099984122899
5658294099984122899
test the subf64
5658294099984122899
5658294099984122899
test the mulf64
6063340863720656255
6063340863720656255
test the divf64
5253260144495285496
5253260144495285496
test the eqf64
false
False
test the lef64
false
False
test the ltf64
false
False
test the remf64
expDiff >= 1
here
14227528852295517720
5009527970480375776
test the roundToIntf64
5658294099984122899
5658294099984122899
test the sqrtf64
5132615305081261171
5132615305081261171
test the mulAddf64
6063340863720656255
6063340863720656255
test the addf32
3132262434
3132262434
test the subf32
984778786
984778786
test the mulf32
483895132
483895132
test the divf32
643675274
643675274
test the eqf32
false
False
test the lef32
false
False
test the ltf32
false
False
test the remf32
2711264621
2711264621
test the roundToIntf32
2147483648
0
test the sqrtf32
814525938
814525938
test the mulAddf32
2711250819
2711250819
test the addf64
14874333144615442840
14874333144615442840
test the subf64
5650961107760667032
5650961107760667032
test the mulf64
5224943663543439507
5224943663543439507
test the divf64
3136767413349912146
3136767413349912146
test the eqf64
false
False
test the lef64
false
False
test the ltf64
false
False
test the remf64
expA < expB-1  13404181040439822928
13404181040439822928
13404181040439822928
test the roundToIntf64
9223372036854775808
0
test the sqrtf64
4393840362940324113
4393840362940324113
test the mulAddf64
5224943663543439507
5224943663543439507
test the addf32
2733669515
2733669515
test the subf32
2733669515
2733669515
test the mulf32
2147483648
2147483648
test the divf32
3549172301
3549172301
test the eqf32
false
False
test the lef32
true
True
test the ltf32
true
True
test the remf32
2383825856
244358395
test the roundToIntf32
2147483648
0
test the sqrtf32
825193187
825193187
test the mulAddf32
2733669515
2733669515
test the addf64
2297581637292884154
2297581637292884154
test the subf64
2297581636316753492
2297581636316753492
test the mulf64
35555768
35555768
test the divf64
4712035969476611787
4712035969476611787
test the eqf64
false
False
test the lef64
false
False
test the ltf64
false
False
test the remf64
expDiff >= 1
here
11410526361845481140
2188706869280775154
test the roundToIntf64
0
0
test the sqrtf64
3452129951570305351
3452129951570305351
test the mulAddf64
2297581636804818823
2297581636804818823
test the addf32
1970624155
1970624155
test the subf32
4118107803
4118107803
test the mulf32
4286578688
4286578688
test the divf32
2949387991
2949387991
test the eqf32
false
False
test the lef32
true
True
test the ltf32
true
True
test the remf32
3854800615
1970624155
test the roundToIntf32
3854800615
3854800615
test the sqrtf32
1386101208
1386101208
test the mulAddf32
4286578688
4286578688
test the addf64
8319390589923662766
8319390589923662766
test the subf64
17542762626778438574
17542762626778438574
test the mulf64
18442240474082181120
18442240474082181120
test the divf64
12011177895112026484
12011177895112026484
test the eqf64
false
False
test the lef64
true
True
test the ltf64
true
True
test the remf64
expA < expB-1  15723407492586430576
15723407492586430576
8319390589923662766
test the roundToIntf64
15723407492586430576
15723407492586430576
test the sqrtf64
5553565297212159000
5553565297212159000
test the mulAddf64
18442240474082181120
18442240474082181120
test the addf32
3301026125
3301026125
test the subf32
3301026131
3301026131
test the mulf32
3207136808
3207136808
test the divf32
3395150801
3395150801
test the eqf32
false
False
test the lef32
true
True
test the ltf32
true
True
test the remf32
3093506496
969083234
test the roundToIntf32
3301023744
3301023744
test the sqrtf32
1109225907
1109225907
test the mulAddf32
3301031537
3301031537
test the addf64
14969494538037916706
14969494538037916706
test the subf64
5746122501183140898
5746122501183140898
test the mulf64
4962393647983154809
4962393647983154809
test the divf64
2684336595713932555
2684336595713932555
test the eqf64
false
False
test the lef64
false
False
test the ltf64
false
False
test the remf64
expA < expB-1  13046819950612442689
13046819950612442689
13046819950612442689
test the roundToIntf64
9223372036854775808
0
test the sqrtf64
4215315002916278403
4215315002916278403
test the mulAddf64
4962393647983154809
4962393647983154809
test the addf32
3041187000
3041187000
test the subf32
893703352
893703352
test the mulf32
297302741
297302741
test the divf32
639371276
639371276
test the eqf32
false
False
test the lef32
false
False
test the ltf32
false
False
test the remf32
2616192928
2616192928
test the roundToIntf32
2147483648
0
test the sqrtf32
766459764
766459764
test the mulAddf32
2616192916
2616192916
test the addf64
14442073199801725492
14442073199801725492
test the subf64
14442073199801725492
14442073199801725492
test the mulf64
11930227237265848499
11930227237265848499
test the divf64
16953922692577497924
16953922692577497924
test the eqf64
false
False
test the lef64
true
True
test the ltf64
true
True
test the remf64
expDiff >= 1
here
2081983243208377664
2081983243208377664
test the roundToIntf64
14442073199801725492
14442073199801725492
test the sqrtf64
4912927955346587563
4912927955346587563
test the mulAddf64
14442073199801725492
14442073199801725492
test the addf32
4111268004
4111268004
test the subf32
4111268004
4111268004
test the mulf32
1854897236
1854897236
test the divf32
2072674363
2072674363
test the eqf32
false
False
test the lef32
true
True
test the ltf32
true
True
test the remf32
935233904
3100962448
test the roundToIntf32
4111268004
4111268004
test the sqrtf32
1514010713
1514010713
test the mulAddf32
4111266856
4111266856
test the addf64
7078925542581236210
7078925542581236210
test the subf64
16302297579436012018
16302297579436012018
test the mulf64
12678579634458461555
12678579634458461555
test the divf64
9223372036854775808
9223372036854775808
test the eqf64
false
False
test the lef64
true
True
test the ltf64
true
True
test the remf64
expA < expB-1  10206586323529596311
10206586323529596311
7078925542581236210
test the roundToIntf64
9223372036854775808
0
test the sqrtf64
2795038519689845297
2795038519689845297
test the mulAddf64
12678579634458461555
12678579634458461555
test the addf32
3211636179
3211636179
test the subf32
1064152531
1064152531
test the mulf32
2944919910
2944919910
test the divf32
2946346006
2946346006
test the eqf32
false
False
test the lef32
false
False
test the ltf32
false
False
test the remf32
798122848
3211636179
test the roundToIntf32
0
0
test the sqrtf32
931717819
931717819
test the mulAddf32
765960101
765960101
test the addf64
5919338046087636981
5919338046087636981
test the subf64
5919338046087636981
5919338046087636981
test the mulf64
5160814956276282204
5160814956276282204
test the divf64
6678420994985394574
6678420994985394574
test the eqf64
false
False
test the lef64
false
False
test the ltf64
false
False
test the remf64
expDiff >= 1
here
3840730813848190336
3840730813848190336
test the roundToIntf64
5919338046087636981
5919338046087636981
test the sqrtf64
5263120308125358954
5263120308125358954
test the mulAddf64
5919338046087636981
5919338046087636981
test the addf32
4000239051
4000239051
test the subf32
1852755403
1852755403
test the mulf32
3228276788
3228276788
test the divf32
2147483648
2147483648
test the eqf32
false
False
test the lef32
false
False
test the ltf32
false
False
test the remf32
293375808
4000239051
test the roundToIntf32
0
0
test the sqrtf32
679364131
679364131
test the mulAddf32
3228276788
3228276788
test the addf64
8817769659964346735
8817769659964346735
test the subf64
18041141696819122543
18041141696819122543
test the mulf64
9218868437227405312
9218868437227405312
test the divf64
2165391227035226380
2165391227035226380
test the eqf64
false
False
test the lef64
true
True
test the ltf64
true
True
test the remf64
expA < expB-1  6376004438391685617
6376004438391685617
6376004438391685617
test the roundToIntf64
6376004438391685617
6376004438391685617
test the sqrtf64
5491354608551091680
5491354608551091680
test the mulAddf64
9218868437227405312
9218868437227405312
test the addf32
1763210659
1763210659
test the subf32
1763210659
1763210659
test the mulf32
3644819647
3644819647
test the divf32
4176656000
4176656000
test the eqf32
false
False
test the lef32
false
False
test the ltf32
false
False
test the remf32
2930454528
2930454528
test the roundToIntf32
1763210659
1763210659
test the sqrtf32
1413844776
1413844776
test the mulAddf32
1763210659
1763210659
test the addf64
5731117685508278599
5731117685508278599
test the subf64
5731117685508278599
5731117685508278599
test the mulf64
12941336153978676927
12941336153978676927
test the divf64
16967643574164822608
16967643574164822608
test the eqf64
false
False
test the lef64
false
False
test the ltf64
false
False
test the remf64
expDiff >= 1
here
2585397960350954976
11814970776564459892
test the roundToIntf64
5731117685508278599
5731117685508278599
test the sqrtf64
5169089702661463045
5169089702661463045
test the mulAddf64
5731117685508278599
5731117685508278599
test the addf32
3132514432
3132514432
test the subf32
985030784
985030784
test the mulf32
509377108
509377108
test the divf32
668546340
668546340
test the eqf32
false
False
test the lef32
false
False
test the ltf32
false
False
test the remf32
2736438696
2736438696
test the roundToIntf32
2147483648
0
test the sqrtf32
826738724
826738724
test the mulAddf32
2736424585
2736424585
test the addf64
5335804341032410977
5335804341032410977
test the subf64
14559176377887186785
14559176377887186785
test the mulf64
10872780467408220394
10872780467408220394
test the divf64
9415030749453239481
9415030749453239481
test the eqf64
false
False
test the lef64
true
True
test the ltf64
true
True
test the remf64
expA < expB-1  10143865685574813127
10143865685574813127
5335804341032410977
test the roundToIntf64
9223372036854775808
0
test the sqrtf64
2763713724753383140
2763713724753383140
test the mulAddf64
10872780467408220394
10872780467408220394
test the addf32
1505024907
1505024907
test the subf32
1505024907
1505024907
test the mulf32
2907268327
2907268327
test the divf32
4286578688
4286578688
test the eqf32
false
False
test the lef32
false
False
test the ltf32
false
False
test the remf32
300225400
2464402640
test the roundToIntf32
1505024907
1505024907
test the sqrtf32
1285039750
1285039750
test the mulAddf32
1505024907
1505024907
test the addf64
7625103820457084902
7625103820457084902
test the subf64
16848475857311860710
16848475857311860710
test the mulf64
3041145908904925693
3041145908904925693
test the divf64
0
0
test the eqf64
false
False
test the lef64
true
True
test the ltf64
true
True
test the remf64
expA < expB-1  23152682935838539
23152682935838539
23152682935838539
test the roundToIntf64
0
0
test the sqrtf64
2315157094869301408
2315157094869301408
test the mulAddf64
3041145908904925693
3041145908904925693
test the addf32
3542570150
3542570150
test the subf32
1395086502
1395086502
test the mulf32
3284314620
3284314620
test the divf32
2623787248
2623787248
test the eqf32
false
False
test the lef32
false
False
test the ltf32
false
False
test the remf32
806676641
3542570150
test the roundToIntf32
0
0
test the sqrtf32
935542459
935542459
test the mulAddf32
3284314620
3284314620
test the addf64
3842623876137748825
3842623876137748825
test the subf64
13065995912992524633
13065995912992524633
test the mulf64
1112767197450638061
1112767197450638061
test the divf64
2641018466421114153
2641018466421114153
test the eqf64
false
False
test the lef64
true
True
test the ltf64
true
True
test the remf64
expA < expB-1  1876906459553214910
1876906459553214910
1876906459553214910
test the roundToIntf64
0
0
test the sqrtf64
3242026717754139313
3242026717754139313
test the mulAddf64
1876906459553214910
1876906459553214910
test the addf32
2603123207
2603123207
test the subf32
455684557
455684557
test the mulf32
2147483648
2147483648
test the divf32
3137683470
3137683470
test the eqf32
false
False
test the lef32
false
False
test the ltf32
false
False
test the remf32
380618476
2603123207
test the roundToIntf32
0
0
test the sqrtf32
722861962
722861962
test the mulAddf32
380618476
380618476
test the addf64
17999373048702811147
17999373048702811147
test the subf64
8776001011848035339
8776001011848035339
test the mulf64
18442240474082181120
18442240474082181120
test the divf64
12169830236767073812
12169830236767073812
test the eqf64
false
False
test the lef64
false
False
test the ltf64
false
False
test the remf64
expA < expB-1  7115848466553603750
7115848466553603750
17999373048702811147
test the roundToIntf64
7115848466553603750
7115848466553603750
test the sqrtf64
5861161450204847601
5861161450204847601
test the mulAddf64
18442240474082181120
18442240474082181120
test the addf32
2031190757
2031190757
test the subf32
4178674405
4178674405
test the mulf32
1562622502
1562622502
test the divf32
0
0
test the eqf32
false
False
test the lef32
true
True
test the ltf32
true
True
test the remf32
596641296
596641296
test the roundToIntf32
0
0
test the sqrtf32
830981778
830981778
test the mulAddf32
1562622502
1562622502
test the addf64
14347903792354688343
14347903792354688343
test the subf64
5124531755499912535
5124531755499912535
test the mulf64
1531693949297723497
1531693949297723497
test the divf64
496553536614230092
496553536614230092
test the eqf64
false
False
test the lef64
false
False
test the ltf64
false
False
test the remf64
expA < expB-1  10237484657105740588
10237484657105740588
10237484657105740588
test the roundToIntf64
9223372036854775808
0
test the sqrtf64
2810631071452716539
2810631071452716539
test the mulAddf64
1531693949297723497
1531693949297723497
test the addf32
3726619631
3726619631
test the subf32
3726619631
3726619631
test the mulf32
1497793337
1497793337
test the divf32
1660975877
1660975877
test the eqf32
false
False
test the lef32
true
True
test the ltf32
true
True
test the remf32
3122357002
3122357002
test the roundToIntf32
3726619631
3726619631
test the sqrtf32
1321874080
1321874080
test the mulAddf32
3726606926
3726606926
test the addf64
13834015494685524673
13834015494685524673
test the subf64
4610643457830748865
4610643457830748865
test the mulf64
11374003360697334103
11374003360697334103
test the divf64
11366925784071905184
11366925784071905184
test the eqf64
false
False
test the lef64
false
False
test the ltf64
false
False
test the remf64
expA < expB-1  2147033268273992262
2147033268273992262
13834015494685524673
test the roundToIntf64
0
0
test the sqrtf64
3377087003415141469
3377087003415141469
test the mulAddf64
11368594217011159143
11368594217011159144
test the addf32
1189246099
1189246099
test the subf32
3336729747
3336729747
test the mulf32
1052530562
1052530562
test the divf32
804303136
804303136
test the eqf32
false
False
test the lef32
true
True
test the ltf32
true
True
test the remf32
928311801
928311801
test the roundToIntf32
0
0
test the sqrtf32
996767508
996767508
test the mulAddf32
1052530988
1052530988
test the addf64
5017429357568488414
5017429357568488414
test the subf64
14240749703674944446
14240749703674944446
test the mulf64
5393499716598139554
5393499716598139554
test the divf64
4572734750624803979
4572734750624803979
test the eqf64
false
False
test the lef64
true
True
test the ltf64
true
True
test the remf64
expA < expB-1  4983094004029329476
4983094004029329476
4983094004029329476
test the roundToIntf64
4983094004029329476
4983094004029329476
test the sqrtf64
4795046207993847184
4795046207993847184
test the mulAddf64
5393499716598139554
5393499716598139554
test the addf32
1800620285
1800620285
test the subf32
1800620285
1800620285
test the mulf32
1413680603
1413680603
test the divf32
2139095040
2139095040
test the eqf32
false
False
test the lef32
false
False
test the ltf32
false
False
test the remf32
667023142
667023142
test the roundToIntf32
1800620285
1800620285
test the sqrtf32
1432916485
1432916485
test the mulAddf32
1800620285
1800620285
test the addf64
12204714938181999159
12204714938181999159
test the subf64
2981342901327223351
2981342901327223351
test the mulf64
0
0
test the divf64
2228593942632810267
2228593942632810267
test the eqf64
false
False
test the lef64
false
False
test the ltf64
false
False
test the remf64
expA < expB-1  9826129520754780310
9826129520754780310
9826129520754780310
test the roundToIntf64
9223372036854775808
0
test the sqrtf64
2604684383146230535
2604684383146230535
test the mulAddf64
9826129520754780310
9826129520754780310
test the addf32
4194038951
4194038951
test the subf32
4194038951
4194038951
test the mulf32
1279893121
1279893121
test the divf32
2139095040
2139095040
test the eqf32
false
False
test the lef32
true
True
test the ltf32
true
True
test the remf32
2429385752
2429385752
test the roundToIntf32
4194038951
4194038951
test the sqrtf32
1555273073
1555273073
test the mulAddf32
4194038951
4194038951
test the addf64
8538758984654750422
8538758984654750422
test the subf64
8538758984654750422
8538758984654750422
test the mulf64
18442240474082181120
18442240474082181120
test the divf64
15550833916599395140
15550833916599395140
test the eqf64
false
False
test the lef64
false
False
test the ltf64
false
False
test the remf64
expDiff >= 1
here
6810836396477022160
16038903199273115148
test the roundToIntf64
8538758984654750422
8538758984654750422
test the sqrtf64
6572593963300514881
6572593963300514881
test the mulAddf64
18442240474082181120
18442240474082181120
test the addf32
1070461901
1070461901
test the subf32
1070461901
1070461901
test the mulf32
2409974467
2409974467
test the divf32
4026551983
4026551983
test the eqf32
false
False
test the lef32
false
False
test the ltf32
false
False
test the remf32
2388833860
2388833860
test the roundToIntf32
1073741824
1073741824
test the sqrtf32
1067605261
1067605261
test the mulAddf32
1070461901
1070461901
test the addf64
16645626648615743167
16645626648615743167
test the subf64
7422254611760967359
7422254611760967359
test the mulf64
18087863057934763380
18087863057934763380
test the divf64
12457600139773897155
12457600139773897155
test the eqf64
false
False
test the lef64
false
False
test the ltf64
false
False
test the remf64
expA < expB-1  6049346370969973927
6049346370969973927
16645626648615743167
test the roundToIntf64
6049346370969973927
6049346370969973927
test the sqrtf64
5328238771393294140
5328238771393294140
test the mulAddf64
18087863057934763380
18087863057934763380
test the addf32
4153954452
4153954452
test the subf32
4153954452
4153954452
test the mulf32
3257210564
3257210564
test the divf32
4286578688
4286578688
test the eqf32
false
False
test the lef32
true
True
test the ltf32
true
True
test the remf32
159549574
159549574
test the roundToIntf32
4153954452
4153954452
test the sqrtf32
1535877390
1535877390
test the mulAddf32
4153954452
4153954452
test the addf64
13153755036534827756
13153755036534827756
test the subf64
13153755036534827756
13153755036534827756
test the mulf64
9348005965371527589
9348005965371527589
test the divf64
16959509811549392798
16959509811549392798
test the eqf64
false
False
test the lef64
true
True
test the ltf64
true
True
test the remf64
expDiff >= 1
here
792870756727807306
792870756727807306
test the roundToIntf64
9223372036854775808
0
test the sqrtf64
4268759006885937092
4268759006885937092
test the mulAddf64
13153755036534827756
13153755036534827756
test the addf32
3517011024
3517011024
test the subf32
1369527376
1369527376
test the mulf32
370737542
370737542
test the divf32
0
0
test the eqf32
false
False
test the lef32
false
False
test the ltf32
false
False
test the remf32
2213726933
2213726933
test the roundToIntf32
2147483648
0
test the sqrtf32
565201330
565201330
test the mulAddf32
370737542
370737542
test the addf64
7529517404867547298
7529517404867547298
test the subf64
7529517404867547298
7529517404867547298
test the mulf64
4366105931680936930
4366105931680936930
test the divf64
9218868437227405312
9218868437227405312
test the eqf64
false
False
test the lef64
false
False
test the ltf64
false
False
test the remf64
expDiff >= 1
here
10658394696988158944
1441814514930413012
test the roundToIntf64
7529517404867547298
7529517404867547298
test the sqrtf64
6068034423181146826
6068034423181146826
test the mulAddf64
7529517404867547298
7529517404867547298
test the addf32
32134484
32134484
test the subf32
11282776
11282776
test the mulf32
0
0
test the divf32
1069128043
1069128043
test the eqf32
false
False
test the lef32
false
False
test the ltf32
false
False
test the remf32
11282776
11282776
test the roundToIntf32
0
0
test the sqrtf32
545602687
545602687
test the mulAddf32
25866197
25866197
test the addf64
8116420494920759696
8116420494920759696
test the subf64
17339792531775535504
17339792531775535504
test the mulf64
18442240474082181120
18442240474082181120
test the divf64
12102026496470151104
12102026496470151104
test the eqf64
false
False
test the lef64
true
True
test the ltf64
true
True
test the remf64
expA < expB-1  15611441738732780747
15611441738732780747
8116420494920759696
test the roundToIntf64
15611441738732780747
15611441738732780747
test the sqrtf64
5497521283254896865
5497521283254896865
test the mulAddf64
18442240474082181120
18442240474082181120
test the addf32
4103776695
4103776695
test the subf32
1956293047
1956293047
test the mulf32
2139095040
2139095040
test the divf32
664546147
664546147
test the eqf32
false
False
test the lef32
false
False
test the ltf32
false
False
test the remf32
3703354180
3703354180
test the roundToIntf32
3703354180
3703354180
test the sqrtf32
1310419478
1310419478
test the mulAddf32
2139095040
2139095040
test the addf64
13124738858253605685
13124738858253605685
test the subf64
13124738858253605685
13124738858253605685
test the mulf64
2361827951957223426
2361827951957223426
test the divf64
5440980030541589438
5440980030541589438
test the eqf64
false
False
test the lef64
true
True
test the ltf64
true
True
test the remf64
expDiff >= 1
here
12266096250428741888
12266096250428741888
test the roundToIntf64
9223372036854775808
0
test the sqrtf64
4254093039573711002
4254093039573711002
test the mulAddf64
13124738858253605685
13124738858253605685
test the addf32
1520450999
1520450999
test the subf32
1520450999
1520450999
test the mulf32
643557647
643557647
test the divf32
2139095040
2139095040
test the eqf32
false
False
test the lef32
false
False
test the ltf32
false
False
test the remf32
153438976
153438976
test the roundToIntf32
1520450999
1520450999
test the sqrtf32
1292842836
1292842836
test the mulAddf32
1520450999
1520450999
test the addf64
12956289956646783786
12956289956646783786
test the subf64
12956289956646783786
12956289956646783786
test the mulf64
10007464082294847292
10007464082294847292
test the divf64
15904875783982421801
15904875783982421801
test the eqf64
false
False
test the lef64
true
True
test the ltf64
true
True
test the remf64
expDiff >= 1
here
1653029517006482762
1653029517006482762
test the roundToIntf64
9223372036854775808
0
test the sqrtf64
4170045575213798615
4170045575213798615
test the mulAddf64
12956289956646783786
12956289956646783786
test the addf32
4018602216
4018602216
test the subf32
1871118568
1871118568
test the mulf32
1124541814
1124541814
test the divf32
0
0
test the eqf32
false
False
test the lef32
false
False
test the ltf32
false
False
test the remf32
2466259625
2466259625
test the roundToIntf32
2147483648
0
test the sqrtf32
691346804
691346804
test the mulAddf32
1124541814
1124541814
test the addf64
13093156774003793391
13093156774003793391
test the subf64
3869784737149017583
3869784737149017583
test the mulf64
122663097765891482
122663097765891482
test the divf64
1596733521106261936
1596733521106261936
test the eqf64
false
False
test the lef64
false
False
test the ltf64
false
False
test the remf64
expA < expB-1  10083359143330426064
10083359143330426064
10083359143330426064
test the roundToIntf64
9223372036854775808
0
test the sqrtf64
2733584198889598731
2733584198889598731
test the mulAddf64
10083359143330426064
10083359143330426064
test the addf32
1022756875
1022756875
test the subf32
3170240523
3170240523
test the mulf32
2751769512
2751769512
test the divf32
2836374441
2836374441
test the eqf32
false
False
test the lef32
true
True
test the ltf32
true
True
test the remf32
2794064840
1022756875
test the roundToIntf32
2147483648
0
test the sqrtf32
855960987
855960987
test the mulAddf32
2794336549
2794336549
test the addf64
10451726070485482288
10451726070485482288
test the subf64
10451726070322564774
10451726070322564774
test the mulf64
0
0
test the divf64
4726263049912874883
4726263049912874883
test the eqf64
false
False
test the lef64
true
True
test the ltf64
true
True
test the remf64
expDiff >= 1
here
10323821229838991484
10323821229838991484
test the roundToIntf64
9223372036854775808
0
test the sqrtf64
2917749344701773562
2917749344701773562
test the mulAddf64
10451726070404023531
10451726070404023531
test the addf32
4251663738
4251663738
test the subf32
4251663738
4251663738
test the mulf32
2139095040
2139095040
test the divf32
1567583648
1567583648
test the eqf32
false
False
test the lef32
true
True
test the ltf32
true
True
test the remf32
3725451452
3725451452
test the roundToIntf32
4251663738
4251663738
test the sqrtf32
1584752273
1584752273
test the mulAddf32
2139095040
2139095040
test the addf64
14590176484163627107
14590176484163627107
test the subf64
14590176484163627107
14590176484163627107
test the mulf64
4454805906471288761
4454805906471288761
test the divf64
6278901848396928991
6278901848396928991
test the eqf64
false
False
test the lef64
true
True
test the ltf64
true
True
test the remf64
expDiff >= 1
here
3685516029348591776
12916588245031750820
test the roundToIntf64
14590176484163627107
14590176484163627107
test the sqrtf64
4986801074530886229
4986801074530886229
test the mulAddf64
14590176484163627107
14590176484163627107
test the addf32
2143289344
2143338677
test the subf32
2143289344
2143338677
test the mulf32
2143289344
2143338677
test the divf32
2143289344
2143338677
test the eqf32
false
False
test the lef32
false
False
test the ltf32
false
False
test the remf32
2143289344
2143338677
test the roundToIntf32
2147483648
0
test the sqrtf32
675844051
675844051
test the mulAddf32
2143289344
2143338677
test the addf64
14322245401325270663
14322245401325270663
test the subf64
14322245401325270663
14322245401325270663
test the mulf64
3859726915650309462
3859726915650309462
test the divf64
6338112601388730131
6338112601388730131
test the eqf64
false
False
test the lef64
true
True
test the ltf64
true
True
test the remf64
expDiff >= 1
here
12568256234660814720
12568256234660814720
test the roundToIntf64
14322245401325270663
14322245401325270663
test the sqrtf64
4852783904153409654
4852783904153409654
test the mulAddf64
14322245401325270663
14322245401325270663
test the addf32
1955276571
1955276571
test the subf32
1955276571
1955276571
test the mulf32
4286578688
4286578688
test the divf32
3677933226
3677933226
test the eqf32
false
False
test the lef32
false
False
test the ltf32
false
False
test the remf32
1467777320
3634442736
test the roundToIntf32
1955276571
1955276571
test the sqrtf32
1510307262
1510307262
test the mulAddf32
4286578688
4286578688
test the addf64
7232176507603728918
7232176507603728918
test the subf64
7232176507603728918
7232176507603728918
test the mulf64
3410687867520103928
3410687867520103928
test the divf64
9218868437227405312
9218868437227405312
test the eqf64
false
False
test the lef64
false
False
test the ltf64
false
False
test the remf64
expDiff >= 1
here
770670517961031144
770670517961031144
test the roundToIntf64
7232176507603728918
7232176507603728918
test the sqrtf64
5919377930074231797
5919377930074231797
test the mulAddf64
7232176507603728918
7232176507603728918
test the addf32
3620227369
3620227369
test the subf32
3620227369
3620227369
test the mulf32
2711357847
2711357847
test the divf32
4286578688
4286578688
test the eqf32
false
False
test the lef32
true
True
test the ltf32
true
True
test the remf32
141583784
141583784
test the roundToIntf32
3620227369
3620227369
test the sqrtf32
1268784449
1268784449
test the mulAddf32
3620227369
3620227369
test the addf64
12221492075457915231
12221492075457915231
test the subf64
2998120038603134499
2998120038603134499
test the mulf64
1202604525663476577
1202604525663476577
test the divf64
4419837329547149104
4419837329547149104
test the eqf64
false
False
test the lef64
false
False
test the ltf64
false
False
test the remf64
expA < expB-1  12034529520011141114
12034529520011141114
12034529520011141114
test the roundToIntf64
9223372036854775808
0
test the sqrtf64
3708942676419652014
3708942676419652014
test the mulAddf64
12034529520011141114
12034529520011141114
test the addf32
4270648162
4270648162
test the subf32
4270648162
4270648162
test the mulf32
1260244733
1260244733
test the divf32
2139095040
2139095040
test the eqf32
false
False
test the lef32
true
True
test the ltf32
true
True
test the remf32
169187072
2349202888
test the roundToIntf32
4270648162
4270648162
test the sqrtf32
1594248690
1594248690
test the mulAddf32
4270648162
4270648162
test the addf64
17430756419672762371
17430756419672762371
test the subf64
17430756419672762371
17430756419672762371
test the mulf64
16678443058726029074
16678443058726029074
test the divf64
18183077143202886481
18183077143202886481
test the eqf64
false
False
test the lef64
true
True
test the ltf64
true
True
test the remf64
expDiff >= 1
here
13069671089940387638
3852414989383057498
test the roundToIntf64
17430756419672762371
17430756419672762371
test the sqrtf64
6407165614830914434
6407165614830914434
test the mulAddf64
17430756419672762371
17430756419672762371
test the addf32
1549650964
1549650964
test the subf32
1549650964
1549650964
test the mulf32
2869746039
2869746039
test the divf32
4286578688
4286578688
test the eqf32
false
False
test the lef32
false
False
test the ltf32
false
False
test the remf32
2355165168
2355165168
test the roundToIntf32
1549650964
1549650964
test the sqrtf32
1307461924
1307461924
test the mulAddf32
1549650964
1549650964
test the addf64
12844749462316466627
12844749462316466627
test the subf64
12844749462316466627
12844749462316466627
test the mulf64
0
0
test the divf64
7725476189155480851
7725476189155480851
test the eqf64
false
False
test the lef64
true
True
test the ltf64
true
True
test the remf64
expDiff >= 1
here
9716664415192185164
9716664415192185164
test the roundToIntf64
9223372036854775808
0
test the sqrtf64
4113984966121201795
4113984966121201795
test the mulAddf64
12844749462316466627
12844749462316466627
test the addf32
1818161551
1818161551
test the subf32
3965645199
3965645199
test the mulf32
3585414784
3585414784
test the divf32
2147498929
2147498929
test the eqf32
false
False
test the lef32
true
True
test the ltf32
true
True
test the remf32
2832199729
1818161551
test the roundToIntf32
2147483648
0
test the sqrtf32
874718455
874718455
test the mulAddf32
3585414784
3585414784
test the addf64
3969765419907461722
3969765419907461722
test the subf64
13193137456762237530
13193137456762237530
test the mulf64
1451059500097941410
1451059500097941410
test the divf64
2725210051134897733
2725210051134897733
test the eqf64
false
False
test the lef64
true
True
test the ltf64
true
True
test the remf64
expA < expB-1  2088040557820561133
2088040557820561133
2088040557820561133
test the roundToIntf64
0
0
test the sqrtf64
3347435074899016553
3347435074899016553
test the mulAddf64
2088040557820561133
2088040557820561133
test the addf32
1632402405
1632402405
test the subf32
3779886007
3779886007
test the mulf32
2039606466
2039606466
test the divf32
904181426
904181426
test the eqf32
false
False
test the lef32
true
True
test the ltf32
true
True
test the remf32
1471590450
1471590450
test the roundToIntf32
1471590450
1471590450
test the sqrtf32
1268312873
1268312873
test the mulAddf32
2039606466
2039606466
test the addf64
8917209315104543255
8917209315104543255
test the subf64
18140581351959319063
18140581351959319063
test the mulf64
14279340306939497123
14279340306939497123
test the divf64
9223372036854775808
9223372036854775808
test the eqf64
false
False
test the lef64
true
True
test the ltf64
true
True
test the remf64
expA < expB-1  9969262460339405506
9969262460339405506
8917209315104543255
test the roundToIntf64
9223372036854775808
0
test the sqrtf64
2676368396107113683
2676368396107113683
test the mulAddf64
14279340306939497123
14279340306939497123
test the addf32
3993846473
3993846473
test the subf32
3993846473
3993846473
test the mulf32
2139095040
2139095040
test the divf32
1295067823
1295067823
test the eqf32
false
False
test the lef32
true
True
test the ltf32
true
True
test the remf32
1606723424
3755185320
test the roundToIntf32
3993846473
3993846473
test the sqrtf32
1455303239
1455303239
test the mulAddf32
2139095040
2139095040
test the addf64
18426413521561859005
18426413521561859005
test the subf64
18426413521561859005
18426413521561859005
test the mulf64
9218868437227405312
9218868437227405312
test the divf64
5503908212562785208
5503908212562785208
test the eqf64
false
False
test the lef64
true
True
test the ltf64
true
True
test the remf64
expDiff >= 1
here
17510814832562881664
17510814832562881664
test the roundToIntf64
18426413521561859005
18426413521561859005
test the sqrtf64
6905004054469950430
6905004054469950430
test the mulAddf64
9218868437227405312
9218868437227405312
test the addf32
2057008310
2057008310
test the subf32
2057008310
2057008310
test the mulf32
1542818434
1542818434
test the divf32
2139095040
2139095040
test the eqf32
false
False
test the lef32
false
False
test the ltf32
false
False
test the remf32
497118976
497118976
test the roundToIntf32
2057008310
2057008310
test the sqrtf32
1561137088
1561137088
test the mulAddf32
2057008310
2057008310
test the addf64
15542763595574699355
15542763595574699355
test the subf64
6319391558719923547
6319391558719923547
test the mulf64
7486403636220165927
7486403636220165927
test the divf64
4061652386242080772
4061652386242080772
test the eqf64
false
False
test the lef64
false
False
test the ltf64
false
False
test the remf64
expA < expB-1  14997475277026491307
14997475277026491307
14997475277026491307
test the roundToIntf64
14997475277026491307
14997475277026491307
test the sqrtf64
5190348765567516647
5190348765567516647
test the mulAddf64
7486403636220165927
7486403636220165927
test the addf32
4004429567
4004429567
test the subf32
4004429567
4004429567
test the mulf32
1131455633
1131455633
test the divf32
2139095040
2139095040
test the eqf32
false
False
test the lef32
true
True
test the ltf32
true
True
test the remf32
2469430692
2469430692
test the roundToIntf32
4004429567
4004429567
test the sqrtf32
1461030596
1461030596
test the mulAddf32
4004429567
4004429567
test the addf64
17486681329290202355
17486681329290202355
test the subf64
17486681329290202355
17486681329290202355
test the mulf64
9218868437227405312
9218868437227405312
test the divf64
5807979312853456120
5807979312853456120
test the eqf64
false
False
test the lef64
true
True
test the ltf64
true
True
test the remf64
expDiff >= 1
here
16274002303287234096
16274002303287234096
test the roundToIntf64
17486681329290202355
17486681329290202355
test the sqrtf64
6435236650439752831
6435236650439752831
test the mulAddf64
9218868437227405312
9218868437227405312
test the addf32
887070720
887070720
test the subf32
3030799796
3030799796
test the mulf32
682527175
682527175
test the divf32
1041657962
1041657962
test the eqf32
false
False
test the lef32
true
True
test the ltf32
true
True
test the remf32
862267700
862267700
test the roundToIntf32
0
0
test the sqrtf32
963786113
963786113
test the mulAddf32
862267705
862267705
test the addf64
9010020116579881277
9010020116579881277
test the subf64
18233392153434657085
18233392153434657085
test the mulf64
18442240474082181120
18442240474082181120
test the divf64
10553707075754115946
10553707075754115946
test the eqf64
false
False
test the lef64
true
True
test the ltf64
true
True
test the remf64
expA < expB-1  14957054880240262076
14957054880240262076
9010020116579881277
test the roundToIntf64
14957054880240262076
14957054880240262076
test the sqrtf64
5170423238266644154
5170423238266644154
test the mulAddf64
18442240474082181120
18442240474082181120
test the addf32
532525636
532525636
test the subf32
2680009284
2680009284
test the mulf32
0
0
test the divf32
595966772
595966772
test the eqf32
false
False
test the lef32
true
True
test the ltf32
true
True
test the remf32
63320234
63320234
test the roundToIntf32
0
0
test the sqrtf32
564086335
564086335
test the mulAddf32
63320234
63320234
test the addf64
5218325749319463193
5218325749319463193
test the subf64
5218325749319463193
5218325749319463193
test the mulf64
12454207608444892202
12454207608444892202
test the divf64
16429316909876219721
16429316909876219721
test the eqf64
false
False
test the lef64
false
False
test the ltf64
false
False
test the remf64
expDiff >= 1
here
2608953166412054952
11841349636908484713
test the roundToIntf64
5218325749319463193
5218325749319463193
test the sqrtf64
4912726857478249219
4912726857478249219
test the mulAddf64
5218325749319463193
5218325749319463193
test the addf32
1575078899
1575078899
test the subf32
3722562547
3722562547
test the mulf32
3789423484
3789423484
test the divf32
2769203384
2769203384
test the eqf32
false
False
test the lef32
true
True
test the ltf32
true
True
test the remf32
3279664638
1575078899
test the roundToIntf32
3279683584
3279683584
test the sqrtf32
1098766509
1098766509
test the mulAddf32
3789423484
3789423484
test the addf64
16209510108141223317
16209510108141223317
test the subf64
6986138071286447509
6986138071286447509
test the mulf64
14165194927213132355
14165194927213132355
test the divf64
9406728887265944735
9406728887265944735
test the eqf64
false
False
test the lef64
false
False
test the ltf64
false
False
test the remf64
expA < expB-1  2562806681186440989
2562806681186440989
16209510108141223317
test the roundToIntf64
0
0
test the sqrtf64
3584992746788897900
3584992746788897900
test the mulAddf64
14165194927213132355
14165194927213132355
test the addf32
2716385816
2716385816
test the subf32
2716385816
2716385816
test the mulf32
2147483648
2147483648
test the divf32
3590810071
3590810071
test the eqf32
false
False
test the lef32
true
True
test the ltf32
true
True
test the remf32
163563008
163563008
test the roundToIntf32
2147483648
0
test the sqrtf32
816618316
816618316
test the mulAddf32
2716385816
2716385816
test the addf64
13774023003007170251
13774023003007170251
test the subf64
4550650966152394443
4550650966152394443
test the mulf64
11786475093246674729
11786475093246674729
test the divf64
11898835138873714183
11898835138873714183
test the eqf64
false
False
test the lef64
false
False
test the ltf64
false
False
test the remf64
expA < expB-1  2619077051253195426
2619077051253195426
13774023003007170251
test the roundToIntf64
0
0
test the sqrtf64
3612993725924874536
3612993725924874536
test the mulAddf64
2619075816275645266
2619075816275645266
test the addf32
3612763466
3612763466
test the subf32
3612764184
3612764184
test the mulf32
3885398884
3885398884
test the divf32
3340287042
3340287042
test the eqf32
false
False
test the lef32
true
True
test the ltf32
true
True
test the remf32
3468262992
1334136385
test the roundToIntf32
3612763825
3612763825
test the sqrtf32
1265256306
1265256306
test the mulAddf32
3885398884
3885398884
test the addf64
17659782236737441225
17659782236737441225
test the subf64
8436410199882665417
8436410199882665417
test the mulf64
7879914666501995586
7879914666501995586
test the divf64
220978871995891026
220978871995891026
test the eqf64
false
False
test the lef64
false
False
test the ltf64
false
False
test the remf64
expA < expB-1  13273657146775769058
13273657146775769058
13273657146775769058
test the roundToIntf64
9223372036854775808
0
test the sqrtf64
4328676627595063066
4328676627595063066
test the mulAddf64
7879914666501995586
7879914666501995586
test the addf32
4218867587
4218867587
test the subf32
4218867587
4218867587
test the mulf32
3982589421
3982589421
test the divf32
4286578688
4286578688
test the eqf32
false
False
test the lef32
true
True
test the ltf32
true
True
test the remf32
2933406272
828580197
test the roundToIntf32
4218867587
4218867587
test the sqrtf32
1568365826
1568365826
test the mulAddf32
4218867587
4218867587
test the addf64
6711690725118113100
6711690725118113100
test the subf64
15935062761972888908
15935062761972888908
test the mulf64
6941994319923818053
6941994319923818053
test the divf64
2732374415617372362
2732374415617372362
test the eqf64
false
False
test the lef64
true
True
test the ltf64
true
True
test the remf64
expA < expB-1  4837344880167371046
4837344880167371046
4837344880167371046
test the roundToIntf64
4837344880167371046
4837344880167371046
test the sqrtf64
4721967928465518433
4721967928465518433
test the mulAddf64
6941994319923818053
6941994319923818053
test the addf32
1930297023
1930297023
test the subf32
4077780671
4077780671
test the mulf32
1389258479
1389258479
test the divf32
0
0
test the eqf32
false
False
test the lef32
true
True
test the ltf32
true
True
test the remf32
523898651
523898651
test the roundToIntf32
0
0
test the sqrtf32
794443482
794443482
test the mulAddf32
1389258479
1389258479
test the addf64
11305978419821626298
11305978419821626298
test the subf64
11305978419821626298
11305978419821626298
test the mulf64
0
0
test the divf64
4873415857078411543
4873415857078411543
test the eqf64
false
False
test the lef64
true
True
test the ltf64
true
True
test the remf64
expDiff >= 1
here
11034813403750389968
11034813403750389968
test the roundToIntf64
9223372036854775808
0
test the sqrtf64
3344787626107237549
3344787626107237549
test the mulAddf64
11305978419821626298
11305978419821626298
test the addf32
1098658350
1098658350
test the subf32
1099013351
1099013351
test the mulf32
3227562713
3227562713
test the divf32
3264315504
3264315504
test the eqf32
false
False
test the lef32
false
False
test the ltf32
false
False
test the remf32
3177197220
3177197220
test the roundToIntf32
1098907648
1098907648
test the sqrtf32
1082120956
1082120956
test the mulAddf32
1095207240
1095207240
test the addf64
16090037945131593133
16090037945131593133
test the subf64
16090037945131593133
16090037945131593133
test the mulf64
11671329636480929100
11671329636480929100
test the divf64
18442240474082181120
18442240474082181120
test the eqf64
false
False
test the lef64
true
True
test the ltf64
true
True
test the remf64
expDiff >= 1
here
174040562381112352
174040562381112352
test the roundToIntf64
16090037945131593133
16090037945131593133
test the sqrtf64
5736897884558256965
5736897884558256965
test the mulAddf64
16090037945131593133
16090037945131593133
test the addf32
3817171050
3817171050
test the subf32
1669687402
1669687402
test the mulf32
1037288334
1037288334
test the divf32
3
3
test the eqf32
false
False
test the lef32
false
False
test the ltf32
false
False
test the remf32
2580229636
2580229636
test the roundToIntf32
2147483648
0
test the sqrtf32
748766290
748766290
test the mulAddf32
1037288334
1037288334
test the addf64
5537292144414591771
5537292144414591771
test the subf64
5537292144414591771
5537292144414591771
test the mulf64
11274701425480163221
11274701425480163221
test the divf64
18246631597617127586
18246631597617127586
test the eqf64
false
False
test the lef64
false
False
test the ltf64
false
False
test the remf64
expDiff >= 1
here
1107916399079318064
10343403185476951243
test the roundToIntf64
5537292144414591771
5537292144414591771
test the sqrtf64
5072112659520612666
5072112659520612666
test the mulAddf64
5537292144414591771
5537292144414591771
test the addf32
1806759563
1806759563
test the subf32
3954243211
3954243211
test the mulf32
4286578688
4286578688
test the divf32
3004493975
3004493975
test the eqf32
false
False
test the lef32
true
True
test the ltf32
true
True
test the remf32
3746425264
1806759563
test the roundToIntf32
3746425264
3746425264
test the sqrtf32
1332058169
1332058169
test the mulAddf32
4286578688
4286578688
test the addf64
3723178701447757365
3723178701447757365
test the subf64
12946550738302533173
12946550738302533173
test the mulf64
10583708859685729734
10583708859685729734
test the divf64
12350855624914213936
12350855624914213936
test the eqf64
false
False
test the lef64
true
True
test the ltf64
true
True
test the remf64
expA < expB-1  11467214844128449154
11467214844128449154
3723178701447757365
test the roundToIntf64
9223372036854775808
0
test the sqrtf64
3425304889996912245
3425304889996912245
test the mulAddf64
11467214844128449154
11467214844128449154
test the addf32
1795280450
1795280450
test the subf32
1795280450
1795280450
test the mulf32
1479868565
1479868565
test the divf32
2109353505
2109353505
test the eqf32
false
False
test the lef32
false
False
test the ltf32
false
False
test the remf32
729386176
729386176
test the roundToIntf32
1795280450
1795280450
test the sqrtf32
1429621420
1429621420
test the mulAddf32
1795280450
1795280450
test the addf64
15660253059370089719
15660253059370089719
test the subf64
15660253059370089719
15660253059370089719
test the mulf64
2820447037019149641
2820447037019149641
test the divf64
9218868437227405312
9218868437227405312
test the eqf64
false
False
test the lef64
true
True
test the ltf64
true
True
test the remf64
expDiff >= 1
here
976819010680562328
10213027591343840662
test the roundToIntf64
15660253059370089719
15660253059370089719
test the sqrtf64
5521994232350565339
5521994232350565339
test the mulAddf64
15660253059370089719
15660253059370089719
test the addf32
1847260688
1847260688
test the subf32
1847260688
1847260688
test the mulf32
3637512287
3637512287
test the divf32
4286578688
4286578688
test the eqf32
false
False
test the lef32
false
False
test the ltf32
false
False
test the remf32
2838447208
2838447208
test the roundToIntf32
1847260688
1847260688
test the sqrtf32
1455893607
1455893607
test the mulAddf32
1847260688
1847260688
test the addf64
9041162590427431059
9041162590427431059
test the subf64
18264534627282206867
18264534627282206867
test the mulf64
9086035762557096126
9086035762557096126
test the divf64
217375727247780354
217375727247780354
test the eqf64
false
False
test the lef64
true
True
test the ltf64
true
True
test the remf64
expA < expB-1  4652007143843767641
4652007143843767641
4652007143843767641
test the roundToIntf64
4652007308841189376
4652007308841189376
test the sqrtf64
4629594154506396904
4629594154506396904
test the mulAddf64
9086035762557096126
9086035762557096126
test the addf32
3259675646
3259675646
test the subf32
1112191998
1112191998
test the mulf32
425309078
425309078
test the divf32
330145225
330145225
test the eqf32
false
False
test the lef32
false
False
test the ltf32
false
False
test the remf32
2525591698
2525591698
test the roundToIntf32
2147483648
0
test the sqrtf32
721725095
721725095
test the mulAddf32
425027537
425027537
test the addf64
16895900987834208897
16895900987834208897
test the subf64
16895900987834208897
16895900987834208897
test the mulf64
14718929263726560184
14718929263726560184
test the divf64
18442240474082181120
18442240474082181120
test the eqf64
false
False
test the lef64
true
True
test the ltf64
true
True
test the remf64
expDiff >= 1
here
11642151735114251088
2428622388625660941
test the roundToIntf64
16895900987834208897
16895900987834208897
test the sqrtf64
6139676545542659905
6139676545542659905
test the mulAddf64
16895900987834208897
16895900987834208897
test the addf32
1129921409
1129921409
test the subf32
1129921409
1129921409
test the mulf32
2778172262
2778172262
test the divf32
3776688724
3776688724
test the eqf32
false
False
test the lef32
false
False
test the ltf32
false
False
test the remf32
499827968
2712783898
test the roundToIntf32
1129906176
1129906176
test the sqrtf32
1097585191
1097585191
test the mulAddf32
1129921409
1129921409
test the addf64
248113918746930404
248113918746930404
test the subf64
248114174512045812
248114174512045812
test the mulf64
9223372036854775808
9223372036854775808
test the divf64
13898892153584652639
13898892153584652639
test the eqf64
false
False
test the lef64
false
False
test the ltf64
false
False
test the remf64
expDiff >= 1
here
168619379701182752
9401267285717603884
test the roundToIntf64
0
0
test the sqrtf64
2427643637803135762
2427643637803135762
test the mulAddf64
248114046629488108
248114046629488108
test the addf32
1598974953
1598974953
test the subf32
3746458601
3746458601
test the mulf32
2822296793
2822296793
test the divf32
2147483648
2147483648
test the eqf32
false
False
test the lef32
true
True
test the ltf32
true
True
test the remf32
2288335217
1598974953
test the roundToIntf32
2147483648
0
test the sqrtf32
603078166
603078166
test the mulAddf32
2822296793
2822296793
test the addf64
14208801995472691238
14208801995472691238
test the subf64
4985429958617915430
4985429958617915430
test the mulf64
13048880228080781858
13048880228080781858
test the divf64
12292354808919534440
12292354808919534440
test the eqf64
false
False
test the lef64
false
False
test the ltf64
false
False
test the remf64
expA < expB-1  3447245360569814130
3447245360569814130
14208801995472691238
test the roundToIntf64
0
0
test the sqrtf64
4027122977584545252
4027122977584545252
test the mulAddf64
13048880228080781858
13048880228080781858
test the addf32
3736288759
3736288759
test the subf32
3736288759
3736288759
test the mulf32
1295888666
1295888666
test the divf32
1881759282
1881759282
test the eqf32
false
False
test the lef32
true
True
test the ltf32
true
True
test the remf32
2911181240
2911181240
test the roundToIntf32
3736288759
3736288759
test the sqrtf32
1326938155
1326938155
test the mulAddf32
3736288759
3736288759
test the addf64
5956834821898711465
5956834821898711465
test the subf64
5956834821898711465
5956834821898711465
test the mulf64
11205005422491114872
11205005422491114872
test the divf64
18442240474082181120
18442240474082181120
test the eqf64
false
False
test the lef64
false
False
test the ltf64
false
False
test the remf64
expDiff >= 1
here
626176880986316544
9851009937703767552
test the roundToIntf64
5956834821898711465
5956834821898711465
test the sqrtf64
5281977850597210968
5281977850597210968
test the mulAddf64
5956834821898711465
5956834821898711465
test the addf32
4091349056
4091349056
test the subf32
1943865408
1943865408
test the mulf32
4021973243
4021973243
test the divf32
2264537393
2264537393
test the eqf32
false
False
test the lef32
false
False
test the ltf32
false
False
test the remf32
995618767
4091349056
test the roundToIntf32
0
0
test the sqrtf32
1030430169
1030430169
test the mulAddf32
4021973243
4021973243
test the addf64
14062686738105966714
14062686738105966714
test the subf64
14062686738105966714
14062686738105966714
test the mulf64
12220957128788359812
12220957128788359812
test the divf64
15904424530026718319
15904424530026718319
test the eqf64
false
False
test the lef64
true
True
test the ltf64
true
True
test the remf64
expDiff >= 1
here
2754955291472457984
2754955291472457984
test the roundToIntf64
14062686738105966714
14062686738105966714
test the sqrtf64
4723182137926082758
4723182137926082758
test the mulAddf64
14062686738105966714
14062686738105966714
test the addf32
3636896452
3636896452
test the subf32
3636896052
3636896052
test the mulf32
1780182447
1780182447
test the divf32
1199429813
1199429813
test the eqf32
false
False
test the lef32
true
True
test the ltf32
true
True
test the remf32
1340832440
3498930864
test the roundToIntf32
3636896252
3636896252
test the sqrtf32
1277129665
1277129665
test the mulAddf32
1780182447
1780182447
test the addf64
7422501796459125360
7422501796459125360
test the subf64
16645873833313901168
16645873833313901168
test the mulf64
7428123435840457822
7428123435840457822
test the divf64
1797311666936393763
1797311666936393763
test the eqf64
false
False
test the lef64
true
True
test the ltf64
true
True
test the remf64
expA < expB-1  4612678526768410245
4612678526768410245
4612678526768410245
test the roundToIntf64
4611686018427387904
4611686018427387904
test the sqrtf64
4609714765420088260
4609714765420088260
test the mulAddf64
7428123435840457822
7428123435840457822
test the addf32
3181058029
3181058029
test the subf32
3181058029
3181058029
test the mulf32
546174846
546174846
test the divf32
1521053459
1521053459
test the eqf32
false
False
test the lef32
true
True
test the ltf32
true
True
test the remf32
2713291460
2713291460
test the roundToIntf32
2147483648
0
test the sqrtf32
1049421217
1049421217
test the mulAddf32
3181058029
3181058029
test the addf64
5684328431955054447
5684328431955054447
test the subf64
14907700468809830255
14907700468809830255
test the mulf64
10473096600220294751
10473096600220294751
test the divf64
9223372036854775808
9223372036854775808
test the eqf64
false
False
test the lef64
true
True
test the ltf64
true
True
test the remf64
expA < expB-1  9395736419394128821
9395736419394128821
5684328431955054447
test the roundToIntf64
9223372036854775808
0
test the sqrtf64
2389589049939447332
2389589049939447332
test the mulAddf64
10473096600220294751
10473096600220294751
test the addf32
3399716372
3399716372
test the subf32
1252232724
1252232724
test the mulf32
2614179340
2614179340
test the divf32
2239767363
2239767363
test the eqf32
false
False
test the lef32
false
False
test the ltf32
false
False
test the remf32
279165731
3399716372
test the roundToIntf32
0
0
test the sqrtf32
672187501
672187501
test the mulAddf32
2614179337
2614179337
test the addf64
4481449768477675547
4481449768477675547
test the subf64
4481449768477675547
4481449768477675547
test the mulf64
12651205288178340401
12651205288178340401
test the divf64
14758448324120803969
14758448324120803969
test the eqf64
false
False
test the lef64
false
False
test the ltf64
false
False
test the remf64
expDiff >= 1
here
3539295659961376512
12776070415058096320
test the roundToIntf64
0
0
test the sqrtf64
4544312478335124425
4544312478335124425
test the mulAddf64
4481449768477675547
4481449768477675547
test the addf32
3319808746
3319808746
test the subf32
3319808746
3319808746
test the mulf32
2975527813
2975527813
test the divf32
3664098120
3664098120
test the eqf32
false
False
test the lef32
true
True
test the ltf32
true
True
test the remf32
2849393660
717511992
test the roundToIntf32
3319808000
3319808000
test the sqrtf32
1118399814
1118399814
test the mulAddf32
3319808746
3319808746
test the addf64
6166834624615653859
6166834624615653859
test the subf64
15390206661470429667
15390206661470429667
test the mulf64
10937085131683171165
10937085131683171165
test the divf64
9223372036854775808
9223372036854775808
test the eqf64
false
False
test the lef64
true
True
test the ltf64
true
True
test the remf64
expA < expB-1  9377209550531779066
9377209550531779066
6166834624615653859
test the roundToIntf64
9223372036854775808
0
test the sqrtf64
2380253103441326743
2380253103441326743
test the mulAddf64
10937085131683171165
10937085131683171165
test the addf32
3136469153
3136469153
test the subf32
3136469153
3136469153
test the mulf32
2763609998
2763609998
test the divf32
3508465309
3508465309
test the eqf32
false
False
test the lef32
true
True
test the ltf32
true
True
test the remf32
678187792
678187792
test the roundToIntf32
2147483648
0
test the sqrtf32
1026573078
1026573078
test the mulAddf32
3136469153
3136469153
test the addf64
17655078543415808113
17655078543415808113
test the subf64
17655078543415808113
17655078543415808113
test the mulf64
15710251461207515483
15710251461207515483
test the divf64
18442240474082181120
18442240474082181120
test the eqf64
false
False
test the lef64
true
True
test the ltf64
true
True
test the remf64
expDiff >= 1
here
2657105222920255736
2657105222920255736
test the roundToIntf64
17655078543415808113
17655078543415808113
test the sqrtf64
6519225305135517645
6519225305135517645
test the mulAddf64
17655078543415808113
17655078543415808113
test the addf32
2087900610
2087900610
test the subf32
4235384258
4235384258
test the mulf32
1396668592
1396668592
test the divf32
0
0
test the eqf32
false
False
test the lef32
true
True
test the ltf32
true
True
test the remf32
373938706
373938706
test the roundToIntf32
0
0
test the sqrtf32
719540671
719540671
test the mulAddf32
1396668592
1396668592
test the addf64
3461139718508913811
3461139718508913811
test the subf64
3461139718508913811
3461139718508913811
test the mulf64
11147567805975697012
11147567805975697012
test the divf64
14221717048672597719
14221717048672597719
test the eqf64
false
False
test the lef64
false
False
test the ltf64
false
False
test the remf64
expDiff >= 1
here
12281860836755086868
12281860836755086868
test the roundToIntf64
0
0
test the sqrtf64
4034089455635271820
4034089455635271820
test the mulAddf64
3461139718508913811
3461139718508913811
test the addf32
2725508743
2725508743
test the subf32
2725508739
2725508739
test the mulf32
909
909
test the divf32
1258487704
1258487704
test the eqf32
false
False
test the lef32
true
True
test the ltf32
true
True
test the remf32
363748960
2529347945
test the roundToIntf32
2147483648
0
test the sqrtf32
821684406
821684406
test the mulAddf32
2725508741
2725508741
test the addf64
2592363985183848355
2592363985183848355
test the subf64
11815736022038624163
11815736022038624163
test the mulf64
9223372036854775808
9223372036854775808
test the divf64
11525445431329865158
11525445431329865158
test the eqf64
false
False
test the lef64
true
True
test the ltf64
true
True
test the remf64
expA < expB-1  9511082389031556734
9511082389031556734
2592363985183848355
test the roundToIntf64
9223372036854775808
0
test the sqrtf64
2447133460281161913
2447133460281161913
test the mulAddf64
9511082389031556734
9511082389031556734
test the addf32
2112076024
2112076024
test the subf32
4259559672
4259559672
test the mulf32
4286578688
4286578688
test the divf32
2255220812
2255220812
test the eqf32
false
False
test the lef32
true
True
test the ltf32
true
True
test the remf32
3302088845
2112076024
test the roundToIntf32
3302088704
3302088704
test the sqrtf32
1109649211
1109649211
test the mulAddf32
4286578688
4286578688
test the addf64
2440914483333605034
2440914483333605034
test the subf64
11664286520188380842
11664286520188380842
test the mulf64
0
0
test the divf64
2625031579866897207
2625031579866897207
test the eqf64
false
False
test the lef64
true
True
test the ltf64
true
True
test the remf64
expA < expB-1  458765942999697331
458765942999697331
458765942999697331
test the roundToIntf64
0
0
test the sqrtf64
2532672208974141860
2532672208974141860
test the mulAddf64
458765942999697331
458765942999697331
test the addf32
1988423301
1988423301
test the subf32
4135906949
4135906949
test the mulf32
1577475604
1577475604
test the divf32
0
0
test the eqf32
false
False
test the lef32
true
True
test the ltf32
true
True
test the remf32
654402028
654402028
test the roundToIntf32
0
0
test the sqrtf32
859176586
859176586
test the mulAddf32
1577475604
1577475604
test the addf64
17448139995628512838
17448139995628512838
test the subf64
8224767958773737030
8224767958773737030
test the mulf64
14763565558339585052
14763565558339585052
test the divf64
9223372036854775808
9223372036854775808
test the eqf64
false
False
test the lef64
false
False
test the ltf64
false
False
test the remf64
expA < expB-1  1922358874852631757
1922358874852631757
17448139995628512838
test the roundToIntf64
0
0
test the sqrtf64
3264764012091096550
3264764012091096550
test the mulAddf64
14763565558339585052
14763565558339585052
test the addf32
3079522073
3079522073
test the subf32
3079522073
3079522073
test the mulf32
2147485854
2147485854
test the divf32
4103195517
4103195517
test the eqf32
false
False
test the lef32
true
True
test the ltf32
true
True
test the remf32
24695616
24695616
test the roundToIntf32
2147483648
0
test the sqrtf32
998684285
998684285
test the mulAddf32
3079522073
3079522073
test the addf64
13970096860708770248
13970096860708770248
test the subf64
4746724823853994440
4746724823853994440
test the mulf64
3966456311193265739
3966456311193265739
test the divf64
3687354230504209031
3687354230504209031
test the eqf64
false
False
test the lef64
false
False
test the ltf64
false
False
test the remf64
expA < expB-1  13050277074275084726
13050277074275084726
13050277074275084726
test the roundToIntf64
9223372036854775808
0
test the sqrtf64
4216812479032306994
4216812479032306994
test the mulAddf64
3966456311189609108
3966456311189609109
test the addf32
4025179606
4025179606
test the subf32
4025179606
4025179606
test the mulf32
1642293581
1642293581
test the divf32
2113116572
2113116572
test the eqf32
false
False
test the lef32
true
True
test the ltf32
true
True
test the remf32
818435072
2970824431
test the roundToIntf32
4025179606
4025179606
test the sqrtf32
1470992946
1470992946
test the mulAddf32
4025179606
4025179606
test the addf64
6759942000855051658
6759942000855051658
test the subf64
6759942000855051658
6759942000855051658
test the mulf64
6975791280744978223
6975791280744978223
test the divf64
6543957980843183758
6543957980843183757
test the eqf64
false
False
test the lef64
false
False
test the ltf64
false
False
test the remf64
expDiff >= 1
here
4807857583106808256
4807857583106808256
test the roundToIntf64
6759942000855051658
6759942000855051658
test the sqrtf64
5683562167878737132
5683562167878737132
test the mulAddf64
6975791280744978255
6975791280744978255
test the addf32
1926232254
1926232254
test the subf32
4073715902
4073715902
test the mulf32
3155872038
3155872038
test the divf32
2147483648
2147483648
test the eqf32
false
False
test the lef32
true
True
test the ltf32
true
True
test the remf32
2294188048
1926232254
test the roundToIntf32
2147483648
0
test the sqrtf32
605825707
605825707
test the mulAddf32
3155872038
3155872038
test the addf64
3413420482726778969
3413420482726778969
test the subf64
12636792519581554777
12636792519581554777
test the mulf64
1394110358370329765
1394110358370329765
test the divf64
3781522794221943942
3781522794221943942
test the eqf64
false
False
test the lef64
true
True
test the ltf64
true
True
test the remf64
expA < expB-1  2587812186782727274
2587812186782727274
2587812186782727274
test the roundToIntf64
0
0
test the sqrtf64
3597449657583892261
3597449657583892261
test the mulAddf64
2587812186782727274
2587812186782727274
test the addf32
2887831075
2887831075
test the subf32
2887831075
2887831075
test the mulf32
2147485578
2147485578
test the divf32
3721813328
3721813328
test the eqf32
false
False
test the lef32
true
True
test the ltf32
true
True
test the remf32
177963776
177963776
test the roundToIntf32
2147483648
0
test the sqrtf32
902489335
902489335
test the mulAddf32
2887831075
2887831075
test the addf64
12390643915834071555
12390643915834071555
test the subf64
12390643915834071555
12390643915834071555
test the mulf64
0
0
test the divf64
7604482874545694515
7604482874545694515
test the eqf64
false
False
test the lef64
true
True
test the ltf64
true
True
test the remf64
expDiff >= 1
here
159616760485898320
9391366243488964513
test the roundToIntf64
9223372036854775808
0
test the sqrtf64
3887189421055920218
3887189421055920218
test the mulAddf64
12390643915834071555
12390643915834071555
test the addf32
3084399994
3084399994
test the subf32
3084399994
3084399994
test the mulf32
145263758
145263758
test the divf32
1728752691
1728752691
test the eqf32
false
False
test the lef32
true
True
test the ltf32
true
True
test the remf32
2402969792
2402969792
test the roundToIntf32
2147483648
0
test the sqrtf32
1000758133
1000758133
test the mulAddf32
3084399994
3084399994
test the addf64
3265002460126843085
3265002460126843085
test the subf64
3265002460126843085
3265002460126843085
test the mulf64
10549199298351227630
10549199298351227630
test the divf64
14426839905069698246
14426839905069698246
test the eqf64
false
False
test the lef64
false
False
test the ltf64
false
False
test the remf64
expDiff >= 1
here
2659554852374163644
11889613921839570128
test the roundToIntf64
0
0
test the sqrtf64
3936092278816579794
3936092278816579794
test the mulAddf64
3265002460126843085
3265002460126843085
test the addf32
4240719849
4240719849
test the subf32
2093236201
2093236201
test the mulf32
1047022924
1047022924
test the divf32
0
0
test the eqf32
false
False
test the lef32
false
False
test the ltf32
false
False
test the remf32
2165801904
2165801904
test the roundToIntf32
2147483648
0
test the sqrtf32
541389350
541389350
test the mulAddf32
1047022924
1047022924
test the addf64
8915596901066851457
8915596901066851457
test the subf64
8915596901066851457
8915596901066851457
test the mulf64
14362224811731099597
14362224811731099597
test the divf64
18442240474082181120
18442240474082181120
test the eqf64
false
False
test the lef64
false
False
test the ltf64
false
False
test the remf64
expDiff >= 1
here
821192175797638224
10051449381552915588
test the roundToIntf64
8915596901066851457
8915596901066851457
test the sqrtf64
6761202258079157457
6761202258079157457
test the mulAddf64
8915596901066851457
8915596901066851457
test the addf32
3582577832
3582577832
test the subf32
1435094184
1435094184
test the mulf32
3016857222
3016857222
test the divf32
2276775607
2276775607
test the eqf32
false
False
test the lef32
false
False
test the ltf32
false
False
test the remf32
499298035
3582577832
test the roundToIntf32
0
0
test the sqrtf32
782097386
782097386
test the mulAddf32
3016857222
3016857222
test the addf64
7501061295774268607
7501061295774268607
test the subf64
16724433332629044415
16724433332629044415
test the mulf64
9218868437227405312
9218868437227405312
test the divf64
3924953028658664178
3924953028658664178
test the eqf64
false
False
test the lef64
true
True
test the ltf64
true
True
test the remf64
expA < expB-1  6819301652836528758
6819301652836528758
6819301652836528758
test the roundToIntf64
6819301652836528758
6819301652836528758
test the sqrtf64
5713006035980528955
5713006035980528955
test the mulAddf64
9218868437227405312
9218868437227405312
test the addf32
1926787919
1926787919
test the subf32
4074271567
4074271567
test the mulf32
1866872601
1866872601
test the divf32
143303252
143303252
test the eqf32
false
False
test the lef32
true
True
test the ltf32
true
True
test the remf32
1005219538
1005219538
test the roundToIntf32
0
0
test the sqrtf32
1034762746
1034762746
test the mulAddf32
1866872601
1866872601
test the addf64
7028815277444227844
7028815277444227844
test the subf64
16252187314299003652
16252187314299003652
test the mulf64
18377347961907130638
18377347961907130638
test the divf64
13533711060030425606
13533711060030425606
test the eqf64
false
False
test the lef64
true
True
test the ltf64
true
True
test the remf64
expA < expB-1  15955623987892076239
15955623987892076239
7028815277444227844
test the roundToIntf64
15955623987892076239
15955623987892076239
test the sqrtf64
5669711484715506590
5669711484715506590
test the mulAddf64
18377347961907130638
18377347961907130638
test the addf32
772247724
772247724
test the subf32
2919731372
2919731372
test the mulf32
0
0
test the divf32
304382972
304382972
test the eqf32
false
False
test the lef32
true
True
test the ltf32
true
True
test the remf32
11418917
11418917
test the roundToIntf32
0
0
test the sqrtf32
538269480
538269480
test the mulAddf32
11418917
11418917
test the addf64
15353752848317122746
15353752848317122746
test the subf64
6130380811462346938
6130380811462346938
test the mulf64
11346590519947848951
11346590519947848951
test the divf64
9223372036854775808
9223372036854775808
test the eqf64
false
False
test the lef64
false
False
test the ltf64
false
False
test the remf64
expA < expB-1  599833719685295041
599833719685295041
15353752848317122746
test the roundToIntf64
0
0
test the sqrtf64
2603489504588353680
2603489504588353680
test the mulAddf64
11346590519947848951
11346590519947848951
test the addf32
2285764978
2285764978
test the subf32
137598492
137598492
test the mulf32
0
0
test the divf32
1021768036
1021768036
test the eqf32
false
False
test the lef32
false
False
test the ltf32
false
False
test the remf32
2242295125
2242295125
test the roundToIntf32
2147483648
0
test the sqrtf32
579998686
579998686
test the mulAddf32
2242295125
2242295125
test the addf64
5299565349131433089
5299565349131433089
test the subf64
14522937385986208897
14522937385986208897
test the mulf64
5204833794917889047
5204833794917889047
test the divf64
3819622711016574797
3819622711016574797
test the eqf64
false
False
test the lef64
true
True
test the ltf64
true
True
test the remf64
expA < expB-1  4512427549015406520
4512427549015406520
4512427549015406520
test the roundToIntf64
0
0
test the sqrtf64
4559444572162035405
4559444572162035405
test the mulAddf64
5204833794917889047
5204833794917889047
test the addf32
1889275315
1889275315
test the subf32
4036758963
4036758963
test the mulf32
1037769439
1037769439
test the divf32
0
0
test the eqf32
false
False
test the lef32
true
True
test the ltf32
true
True
test the remf32
213104511
213104511
test the roundToIntf32
0
0
test the sqrtf32
639085436
639085436
test the mulAddf32
1037769439
1037769439
test the addf64
3754980675447520058
3754980675447520058
test the subf64
12978352712302295866
12978352712302295866
test the mulf64
202652682602855
202652682602855
test the divf64
1688092521356424742
1688092521356424742
test the eqf64
false
False
test the lef64
true
True
test the ltf64
true
True
test the remf64
expA < expB-1  835976660016080761
835976660016080761
835976660016080761
test the roundToIntf64
0
0
test the sqrtf64
2721409983589846340
2721409983589846340
test the mulAddf64
835976660016080761
835976660016080761
test the addf32
1777422661
1777422661
test the subf32
3924906309
3924906309
test the mulf32
845786132
845786132
test the divf32
0
0
test the eqf32
false
False
test the lef32
true
True
test the ltf32
true
True
test the remf32
133686202
133686202
test the roundToIntf32
0
0
test the sqrtf32
598876408
598876408
test the mulAddf32
845786132
845786132
test the addf64
14969628119899921493
14969628119899921493
test the subf64
14969628119899921493
14969628119899921493
test the mulf64
12023823711966959128
12023823711966959128
test the divf64
17915388254194771352
17915388254194771352
test the eqf64
false
False
test the lef64
true
True
test the ltf64
true
True
test the remf64
expDiff >= 1
here
10879736101196105400
1657337207539224024
test the roundToIntf64
14969628119899921493
14969628119899921493
test the sqrtf64
5176381125643039686
5176381125643039686
test the mulAddf64
14969628119899921493
14969628119899921493
test the addf32
3535883193
3535883193
test the subf32
3535883187
3535883187
test the mulf32
1526835002
1526835002
test the divf32
1250957010
1250957010
test the eqf32
false
False
test the lef32
true
True
test the ltf32
true
True
test the remf32
3306853152
3306853152
test the roundToIntf32
3535883190
3535883190
test the sqrtf32
1226656674
1226656674
test the mulAddf32
1526834905
1526834905
test the addf64
7752986244243127514
7752986244243127514
test the subf64
16976358281097903322
16976358281097903322
test the mulf64
15058413366691557005
15058413366691557005
test the divf64
9223372036854775808
9223372036854775808
test the eqf64
false
False
test the lef64
true
True
test the ltf64
true
True
test the remf64
expA < expB-1  11912411085640222090
11912411085640222090
7752986244243127514
test the roundToIntf64
9223372036854775808
0
test the sqrtf64
3648106684181363636
3648106684181363636
test the mulAddf64
15058413366691557005
15058413366691557005
test the addf32
1912439538
1912439538
test the subf32
1912439538
1912439538
test the mulf32
1548781693
1548781693
test the divf32
2139095040
2139095040
test the eqf32
false
False
test the lef32
false
False
test the ltf32
false
False
test the remf32
2836578656
696857556
test the roundToIntf32
1912439538
1912439538
test the sqrtf32
1488200491
1488200491
test the mulAddf32
1912439538
1912439538
test the addf64
4389909135577024645
4389909135577024645
test the subf64
13613281172431800453
13613281172431800453
test the mulf64
9860416353841641975
9860416353841641975
test the divf64
10294709277508767465
10294709277508767465
test the eqf64
false
False
test the lef64
true
True
test the ltf64
true
True
test the remf64
expA < expB-1  10077499463297791476
10077499463297791476
4389909135577024645
test the roundToIntf64
9223372036854775808
0
test the sqrtf64
2730470438365135376
2730470438365135376
test the mulAddf64
10077499463297791499
10077499463297791499
test the addf32
3889539499
3889539499
test the subf32
3889539499
3889539499
test the mulf32
3661490202
3661490202
test the divf32
4117783552
4117783552
test the eqf32
false
False
test the lef32
true
True
test the ltf32
true
True
test the remf32
2964181884
834147456
test the roundToIntf32
3889539499
3889539499
test the sqrtf32
1403346933
1403346933
test the mulAddf32
3889539499
3889539499
test the addf64
16358382336301096201
16358382336301096201
test the subf64
16358382336301096201
16358382336301096201
test the mulf64
15046539598934814078
15046539598934814078
test the divf64
17670596497135951669
17670596497135951669
test the eqf64
false
False
test the lef64
true
True
test the ltf64
true
True
test the remf64
expDiff >= 1
here
12508394903859340816
3293027054687329162
test the roundToIntf64
16358382336301096201
16358382336301096201
test the sqrtf64
5870922089504017776
5870922089504017776
test the mulAddf64
16358382336301096201
16358382336301096201
test the addf32
2032336161
2032336161
test the subf32
4179819809
4179819809
test the mulf32
4219848485
4219848485
test the divf32
2284127078
2284127078
test the eqf32
false
False
test the lef32
true
True
test the ltf32
true
True
test the remf32
3251773088
2032336161
test the roundToIntf32
3251634176
3251634176
test the sqrtf32
1084489591
1084489591
test the mulAddf32
4219848485
4219848485
test the addf64
16847190951141385447
16847190951141385447
test the subf64
7623818914286609639
7623818914286609639
test the mulf64
5631313762706568342
5631313762706568342
test the divf64
0
0
test the eqf64
false
False
test the lef64
false
False
test the ltf64
false
False
test the remf64
expA < expB-1  11837869039502765320
11837869039502765320
11837869039502765320
test the roundToIntf64
9223372036854775808
0
test the sqrtf64
3610770527755893014
3610770527755893014
test the mulAddf64
5631313762706568342
5631313762706568342
test the addf32
1131853400
1131853400
test the subf32
3279351560
3279351560
test the mulf32
3252330222
3252330222
test the divf32
3119197710
3119197710
test the eqf32
false
False
test the lef32
true
True
test the ltf32
true
True
test the remf32
3185754063
1131853400
test the roundToIntf32
2147483648
0
test the sqrtf32
1051352369
1051352369
test the mulAddf32
3252388270
3252388270
test the addf64
5619118347555009362
5619118347555009362
test the subf64
14842490384409785170
14842490384409785170
test the mulf64
4871598100712441420
4871598100712441420
test the divf64
2847139428214930828
2847139428214930828
test the eqf64
false
False
test the lef64
true
True
test the ltf64
true
True
test the remf64
expA < expB-1  3859630482570999416
3859630482570999416
3859630482570999416
test the roundToIntf64
0
0
test the sqrtf64
4233406393257211971
4233406393257211971
test the mulAddf64
4871598100712441420
4871598100712441420
test the addf32
3235732444
3235732444
test the subf32
1088248796
1088248796
test the mulf32
2669356075
2669356075
test the divf32
2622455668
2622455668
test the eqf32
false
False
test the lef32
false
False
test the ltf32
false
False
test the remf32
498297724
3235732444
test the roundToIntf32
0
0
test the sqrtf32
781683558
781683558
test the mulAddf32
2667886268
2667886268
test the addf64
6485749862793621498
6485749862793621498
test the subf64
15709121899648397306
15709121899648397306
test the mulf64
4402183622242940845
4402183622242940845
test the divf64
644774406333042148
644774406333042148
test the eqf64
false
False
test the lef64
true
True
test the ltf64
true
True
test the remf64
expA < expB-1  2523437389622527211
2523437389622527211
2523437389622527211
test the roundToIntf64
0
0
test the sqrtf64
3565149144576718752
3565149144576718752
test the mulAddf64
4402183622242940845
4402183622242940845
test the addf32
3998576410
3998576410
test the subf32
1851092762
1851092762
test the mulf32
1561274755
1561274755
test the divf32
1687217
1687217
test the eqf32
false
False
test the lef32
false
False
test the ltf32
false
False
test the remf32
2922100396
2922100396
test the roundToIntf32
2147483648
0
test the sqrtf32
919710154
919710154
test the mulAddf32
1561274755
1561274755
test the addf64
17849540116680298461
17849540116680298461
test the subf64
17849540116680298461
17849540116680298461
test the mulf64
18006623010559009819
18006623010559009819
test the divf64
17692508649944864214
17692508649944864214
test the eqf64
false
False
test the lef64
true
True
test the ltf64
true
True
test the remf64
expDiff >= 1
here
4757366927162225916
4757366927162225916
test the roundToIntf64
17849540116680298461
17849540116680298461
test the sqrtf64
6616601711823000468
6616601711823000468
test the mulAddf64
18006623010559192545
18006623010559192544
test the addf32
332711459
332711459
test the subf32
332711475
332711475
test the mulf32
2147483648
2147483648
test the divf32
3387073852
3387073852
test the eqf32
false
False
test the lef32
false
False
test the ltf32
false
False
test the remf32
2296963744
2296963744
test the roundToIntf32
0
0
test the sqrtf32
698681298
698681298
test the mulAddf32
332711467
332711467
test the addf64
4264586391494217347
4264586391494217347
test the subf64
4264586392325561445
4264586392325561445
test the mulf64
13035637880946826997
13035637880946826997
test the divf64
13939745738757934496
13939745738757934496
test the eqf64
false
False
test the lef64
false
False
test the ltf64
false
False
test the remf64
expDiff >= 1
here
13371973468365562376
13371973468365562376
test the roundToIntf64
0
0
test the sqrtf64
4435882935957312986
4435882935957312986
test the mulAddf64
4264586391909889396
4264586391909889396
test the addf32
4105561601
4105561601
test the subf32
1958077953
1958077953
test the mulf32
3139642141
3139642141
test the divf32
2147483648
2147483648
test the eqf32
false
False
test the lef32
false
False
test the ltf32
false
False
test the remf32
98932867
4105561601
test the roundToIntf32
0
0
test the sqrtf32
581660183
581660183
test the mulAddf32
3139642141
3139642141
test the addf64
6755555988788046911
6755555988788046911
test the subf64
15978928025642822719
15978928025642822719
test the mulf64
11542815314601998939
11542815314601998939
test the divf64
9223372036854775808
9223372036854775808
test the eqf64
false
False
test the lef64
true
True
test the ltf64
true
True
test the remf64
expA < expB-1  9394379173223812790
9394379173223812790
6755555988788046911
test the roundToIntf64
9223372036854775808
0
test the sqrtf64
2388727250395643703
2388727250395643703
test the mulAddf64
11542815314601998939
11542815314601998939
test the addf32
1643736081
1643736081
test the subf32
3791219729
3791219729
test the mulf32
959933594
959933594
test the divf32
0
0
test the eqf32
false
False
test the lef32
true
True
test the ltf32
true
True
test the remf32
381436662
381436662
test the roundToIntf32
0
0
test the sqrtf32
723205071
723205071
test the mulAddf32
959933594
959933594
test the addf64
14689538036734148263
14689538036734148263
test the subf64
5466165999879372455
5466165999879372455
test the mulf64
15109067645433283376
15109067645433283376
test the divf64
13390359441301404778
13390359441301404778
test the eqf64
false
False
test the lef64
false
False
test the ltf64
false
False
test the remf64
expA < expB-1  5026418208803742020
5026418208803742020
14689538036734148263
test the roundToIntf64
5026418208803742020
5026418208803742020
test the sqrtf64
4816490974698139106
4816490974698139106
test the mulAddf64
15109067645433283376
15109067645433283376
test the addf32
1061587474
1061587474
test the subf32
1061587474
1061587474
test the mulf32
656921829
656921829
test the divf32
1466621333
1466621333
test the eqf32
false
False
test the lef32
false
False
test the ltf32
false
False
test the remf32
648707706
648707706
test the roundToIntf32
1065353216
1065353216
test the sqrtf32
1063350854
1063350854
test the mulAddf32
1061587474
1061587474
test the addf64
3940820488929523632
3940820488929523632
test the subf64
3940820488929523632
3940820488929523632
test the mulf64
9223372036854779063
9223372036854779063
test the divf64
17281912698232405520
17281912698232405520
test the eqf64
false
False
test the lef64
false
False
test the ltf64
false
False
test the remf64
expDiff >= 1
here
482591018860363920
9709338288605083942
test the roundToIntf64
0
0
test the sqrtf64
4274000659022774849
4274000659022774849
test the mulAddf64
3940820488929523632
3940820488929523632
test the addf32
4176611710
4176611710
test the subf32
4176611710
4176611710
test the mulf32
4286578688
4286578688
test the divf32
3490922278
3490922278
test the eqf32
false
False
test the lef32
true
True
test the ltf32
true
True
test the remf32
3884318744
1745839727
test the roundToIntf32
4176611710
4176611710
test the sqrtf32
1546650484
1546650484
test the mulAddf32
4286578688
4286578688
test the addf64
8983866879090287893
8983866879090287893
test the subf64
8983866879090287893
8983866879090287893
test the mulf64
9218868437227405312
9218868437227405312
test the divf64
6618080340325988580
6618080340325988580
test the eqf64
false
False
test the lef64
false
False
test the ltf64
false
False
test the remf64
expDiff >= 1
here
6965864358751829376
6965864358751829376
test the roundToIntf64
8983866879090287893
8983866879090287893
test the sqrtf64
6795515003857421288
6795515003857421288
test the mulAddf64
9218868437227405312
9218868437227405312
test the addf32
2032011706
2032011706
test the subf32
4179495354
4179495354
test the mulf32
4286578688
4286578688
test the divf32
2745661708
2745661708
test the eqf32
false
False
test the lef32
true
True
test the ltf32
true
True
test the remf32
3712927269
2032011706
test the roundToIntf32
3712927269
3712927269
test the sqrtf32
1315312384
1315312384
test the mulAddf32
4286578688
4286578688
test the addf64
998089967347546882
998089967347546882
test the subf64
10221462004202322690
10221462004202322690
test the mulf64
9223372036854775808
9223372036854775808
test the divf64
12935090905782573501
12935090905782573501
test the eqf64
false
False
test the lef64
true
True
test the ltf64
true
True
test the remf64
expA < expB-1  9326465546160901180
9326465546160901180
998089967347546882
test the roundToIntf64
9223372036854775808
0
test the sqrtf64
2355134548331606088
2355134548331606088
test the mulAddf64
9326465546160901180
9326465546160901180
test the addf32
3886805810
3886805810
test the subf32
1739322162
1739322162
test the mulf32
3752837035
3752837035
test the divf32
2403518189
2403518189
test the eqf32
false
False
test the lef32
false
False
test the ltf32
false
False
test the remf32
931320809
3886805810
test the roundToIntf32
0
0
test the sqrtf32
998336506
998336506
test the mulAddf32
3752837035
3752837035
test the addf64
12279209991249337217
12279209991249337217
test the subf64
12279209991249337217
12279209991249337217
test the mulf64
852631793887909021
852631793887909021
test the divf64
5259194374855244387
5259194374855244387
test the eqf64
false
False
test the lef64
true
True
test the ltf64
true
True
test the remf64
expDiff >= 1
here
2398132099110099200
11623607850170556096
test the roundToIntf64
9223372036854775808
0
test the sqrtf64
3831440165200267795
3831440165200267795
test the mulAddf64
12279209991249337217
12279209991249337217
test the addf32
2143289344
4290877976
test the subf32
2143289344
4290877976
test the mulf32
2143289344
4290877976
test the divf32
2143289344
4290877976
test the eqf32
false
False
test the lef32
false
False
test the ltf32
false
False
test the remf32
2143289344
4290877976
test the roundToIntf32
0
0
test the sqrtf32
917373035
917373035
test the mulAddf32
2143289344
4290877976
test the addf64
5452589312755527149
5452589312755527149
test the subf64
5452589312755527149
5452589312755527149
test the mulf64
3844508728304821862
3844508728304821862
test the divf64
7060681632276156577
7060681632276156577
test the eqf64
false
False
test the lef64
false
False
test the ltf64
false
False
test the remf64
expDiff >= 1
here
12210901717317952096
2997516653001110348
test the roundToIntf64
5452589312755527149
5452589312755527149
test the sqrtf64
5029861756331772354
5029861756331772354
test the mulAddf64
5452589312755527149
5452589312755527149
test the addf32
1066328023
1066328023
test the subf32
3213811655
3213811655
test the mulf32
898357688
898357688
test the divf32
895516318
895516318
test the eqf32
false
False
test the lef32
true
True
test the ltf32
true
True
test the remf32
897225983
897225983
test the roundToIntf32
0
0
test the sqrtf32
981288650
981288650
test the mulAddf32
906269212
906269212
test the addf64
14352728392482157498
14352728392482157498
test the subf64
5129356355627381690
5129356355627381690
test the mulf64
13579232870861810232
13579232870861810232
test the divf64
12534701236250170118
12534701236250170118
test the eqf64
false
False
test the lef64
false
False
test the ltf64
false
False
test the remf64
expA < expB-1  3833592936501891737
3833592936501891737
14352728392482157498
test the roundToIntf64
0
0
test the sqrtf64
4220361200458927359
4220361200458927359
test the mulAddf64
13579232870861810232
13579232870861810232
test the addf32
3654255238
3654255238
test the subf32
1506771590
1506771590
test the mulf32
1562223431
1562223431
test the divf32
678423299
678423299
test the eqf32
false
False
test the lef32
false
False
test the ltf32
false
False
test the remf32
3267524954
3267524954
test the roundToIntf32
3267493888
3267493888
test the sqrtf32
1092470317
1092470317
test the mulAddf32
1562223431
1562223431
test the addf64
17776224795937823604
17776224795937823604
test the subf64
8552852759083047796
8552852759083047796
test the mulf64
18442240474082181120
18442240474082181120
test the divf64
11075535803287733890
11075535803287733890
test the eqf64
false
False
test the lef64
false
False
test the ltf64
false
False
test the remf64
expA < expB-1  5797970080665099938
5797970080665099938
17776224795937823604
test the roundToIntf64
5797970080665099938
5797970080665099938
test the sqrtf64
5202497858503530706
5202497858503530706
test the mulAddf64
18442240474082181120
18442240474082181120
test the addf32
4113548432
4113548432
test the subf32
4113548432
4113548432
test the mulf32
4286578688
4286578688
test the divf32
3760380790
3760380790
test the eqf32
false
False
test the lef32
true
True
test the ltf32
true
True
test the remf32
3526330144
1417980280
test the roundToIntf32
4113548432
4113548432
test the sqrtf32
1515462586
1515462586
test the mulAddf32
4286578688
4286578688
test the addf64
4808929805157100574
4808929805157100574
test the subf64
14032301842011876382
14032301842011876382
test the mulf64
1246829395845229129
1246829395845229129
test the divf64
842835039010454729
842835039010454729
test the eqf64
false
False
test the lef64
true
True
test the ltf64
true
True
test the remf64
expA < expB-1  1044972513165431413
1044972513165431413
1044972513165431413
test the roundToIntf64
0
0
test the sqrtf64
2825718844668424089
2825718844668424089
test the mulAddf64
1246829395845229393
1246829395845229393
test the addf32
3387631076
3387631076
test the subf32
3387631076
3387631076
test the mulf32
968840484
968840484
test the divf32
1511030693
1511030693
test the eqf32
false
False
test the lef32
true
True
test the ltf32
true
True
test the remf32
776642080
2937955600
test the roundToIntf32
3387631072
3387631072
test the sqrtf32
1152220560
1152220560
test the mulAddf32
3387631076
3387631076
test the addf64
12148911511075530349
12148911511075530349
test the subf64
12148911511075530349
12148911511075530349
test the mulf64
555646581629515845
555646581629515845
test the divf64
5295593299423156710
5295593299423156710
test the eqf64
false
False
test the lef64
true
True
test the ltf64
true
True
test the remf64
expDiff >= 1
here
2231169005070086652
11457216496788448764
test the roundToIntf64
9223372036854775808
0
test the sqrtf64
3766202798892970094
3766202798892970094
test the mulAddf64
12148911511075530349
12148911511075530349
test the addf32
3859754945
3859754945
test the subf32
3859754945
3859754945
test the mulf32
1023939806
1023939806
test the divf32
2139095040
2139095040
test the eqf32
false
False
test the lef32
true
True
test the ltf32
true
True
test the remf32
367449462
2516566692
test the roundToIntf32
3859754945
3859754945
test the sqrtf32
1388279033
1388279033
test the mulAddf32
3859754945
3859754945
test the addf64
6603006360664464162
6603006360664464162
test the subf64
15826378397519239970
15826378397519239970
test the mulf64
14151430765293556003
14151430765293556003
test the divf64
10159445283040233140
10159445283040233140
test the eqf64
false
False
test the lef64
true
True
test the ltf64
true
True
test the remf64
expA < expB-1  12155552270190639139
12155552270190639139
6603006360664464162
test the roundToIntf64
9223372036854775808
0
test the sqrtf64
3769678288788110994
3769678288788110994
test the mulAddf64
14151430765293556003
14151430765293556003
test the addf32
3594062310
3594062310
test the subf32
3594062310
3594062310
test the mulf32
1069307963
1069307963
test the divf32
1823853164
1823853164
test the eqf32
false
False
test the lef32
true
True
test the ltf32
true
True
test the remf32
672155728
2830921406
test the roundToIntf32
3594062310
3594062310
test the sqrtf32
1255777650
1255777650
test the mulAddf32
3594062310
3594062310
test the addf64
7103067567249971887
7103067567249971887
test the subf64
16326439604104747695
16326439604104747695
test the mulf64
18059788981257871289
18059788981257871289
test the divf64
13067210695613542034
13067210695613542034
test the eqf64
false
False
test the lef64
true
True
test the ltf64
true
True
test the remf64
expA < expB-1  15563544561357067634
15563544561357067634
7103067567249971887
test the roundToIntf64
15563544561357067634
15563544561357067634
test the sqrtf64
5473414012160770667
5473414012160770667
test the mulAddf64
18059788981257871289
18059788981257871289
test the addf32
1911692960
1911692960
test the subf32
1911693164
1911693164
test the mulf32
4286578688
4286578688
test the divf32
3357009057
3357009057
test the eqf32
false
False
test the lef32
false
False
test the ltf32
false
False
test the remf32
3905362934
3905362934
test the roundToIntf32
1911693062
1911693062
test the sqrtf32
1487932232
1487932232
test the mulAddf32
4286578688
4286578688
test the addf64
4678797998012000245
4678797998012000245
test the subf64
4678797998012000245
4678797998012000245
test the mulf64
841467316997891833
841467316997891833
test the divf64
8516137061920991778
8516137061920991778
test the eqf64
false
False
test the lef64
false
False
test the ltf64
false
False
test the remf64
expDiff >= 1
here
764641697775139496
764641697775139496
test the roundToIntf64
4678798009163579392
4678798009163579392
test the sqrtf64
4642987428361700954
4642987428361700954
test the mulAddf64
4678797998012000245
4678797998012000245
test the addf32
1686490120
1686490120
test the subf32
3833973768
3833973768
test the mulf32
1532959628
1532959628
test the divf32
290206079
290206079
test the eqf32
false
False
test the lef32
true
True
test the ltf32
true
True
test the remf32
911569130
911569130
test the roundToIntf32
0
0
test the sqrtf32
988397828
988397828
test the mulAddf32
1532959628
1532959628
test the addf64
9887607466706603225
9887607466706603225
test the subf64
9887607466706603225
9887607466706603225
test the mulf64
9223372036854775808
9223372036854775808
test the divf64
14246632324282830801
14246632324282830801
test the eqf64
false
False
test the lef64
true
True
test the ltf64
true
True
test the remf64
expDiff >= 1
here
9463284353635396716
245497706425519324
test the roundToIntf64
9223372036854775808
0
test the sqrtf64
2635599330029633279
2635599330029633279
test the mulAddf64
9887607466706603225
9887607466706603225
PASS
ok  	github.com/yao-jz/softfloat-go/test	0.108s
